{
    "user_name": "keisuke-matsufuji",
    "passward": "test"
  }