{
    "user_name": "keisuke-matsufuji",
    "password": "test"
  }